../Core/Src/main.c:107:6:SIMTransmit	16	static
../Core/Src/main.c:120:6:checkAPN	24	static
../Core/Src/main.c:149:6:httpPost	8	static
../Core/Src/main.c:218:9:decToBcd	16	static
../Core/Src/main.c:223:5:bcdToDec	16	static
../Core/Src/main.c:240:6:Set_Time	48	static
../Core/Src/main.c:253:6:Get_Time	32	static
../Core/Src/main.c:265:7:Get_Temp	40	static
../Core/Src/main.c:272:6:force_temp_conv	32	static
../Core/Src/main.c:285:6:HAL_TIM_PeriodElapsedHalfCpltCallback	16	static
../Core/Src/main.c:297:6:HAL_UART_RxCpltCallback	16	static
../Core/Src/main.c:392:6:HAL_UART_TxCpltCallback	16	static
../Core/Src/main.c:400:6:KiemTraNguongBuzzer	16	static
../Core/Src/main.c:415:6:RunMainProgram	152	static
../Core/Src/main.c:450:5:main	80	static
../Core/Src/main.c:549:6:SystemClock_Config	88	static
../Core/Src/main.c:596:13:MX_I2C1_Init	8	static
../Core/Src/main.c:630:13:MX_TIM2_Init	32	static
../Core/Src/main.c:675:13:MX_UART4_Init	8	static
../Core/Src/main.c:708:13:MX_USART2_UART_Init	8	static
../Core/Src/main.c:741:13:MX_USART3_UART_Init	8	static
../Core/Src/main.c:774:13:MX_USART6_UART_Init	8	static
../Core/Src/main.c:807:13:MX_GPIO_Init	48	static
../Core/Src/main.c:852:6:Error_Handler	4	static,ignoring_inline_asm
