../Core/Src/main.c:107:6:SIMTransmit	1
../Core/Src/main.c:120:6:checkAPN	5
../Core/Src/main.c:149:6:httpPost	2
../Core/Src/main.c:218:9:decToBcd	1
../Core/Src/main.c:223:5:bcdToDec	1
../Core/Src/main.c:240:6:Set_Time	1
../Core/Src/main.c:253:6:Get_Time	1
../Core/Src/main.c:265:7:Get_Temp	1
../Core/Src/main.c:272:6:force_temp_conv	2
../Core/Src/main.c:285:6:HAL_TIM_PeriodElapsedHalfCpltCallback	2
../Core/Src/main.c:297:6:HAL_UART_RxCpltCallback	3
../Core/Src/main.c:392:6:HAL_UART_TxCpltCallback	1
../Core/Src/main.c:400:6:KiemTraNguongBuzzer	3
../Core/Src/main.c:415:6:RunMainProgram	1
../Core/Src/main.c:450:5:main	3
../Core/Src/main.c:549:6:SystemClock_Config	3
../Core/Src/main.c:596:13:MX_I2C1_Init	2
../Core/Src/main.c:630:13:MX_TIM2_Init	4
../Core/Src/main.c:675:13:MX_UART4_Init	2
../Core/Src/main.c:708:13:MX_USART2_UART_Init	2
../Core/Src/main.c:741:13:MX_USART3_UART_Init	2
../Core/Src/main.c:774:13:MX_USART6_UART_Init	2
../Core/Src/main.c:807:13:MX_GPIO_Init	1
../Core/Src/main.c:852:6:Error_Handler	1
